Startpoint: s[1] (input port clocked by clk)
Endpoint: _120_ (rising edge-triggered flip-flop clocked by clk)
Path Group: clk
Path Type: min

  Delay    Time   Description
---------------------------------------------------------
   0.00    0.00   clock clk (rise edge)
   0.00    0.00   clock network delay (ideal)
   2.00    2.00 ^ input external delay
   0.00    2.00 ^ s[1] (in)
   0.06    2.06 v _097_/Y (sky130_fd_sc_hd__o22ai_1)
   0.00    2.06 v _120_/D (sky130_fd_sc_hd__dfrtp_1)
           2.06   data arrival time

   0.00    0.00   clock clk (rise edge)
   0.00    0.00   clock network delay (ideal)
   0.00    0.00   clock reconvergence pessimism
           0.00 ^ _120_/CLK (sky130_fd_sc_hd__dfrtp_1)
  -0.06   -0.06   library hold time
          -0.06   data required time
---------------------------------------------------------
          -0.06   data required time
          -2.06   data arrival time
---------------------------------------------------------
           2.12   slack (MET)


