Startpoint: b[1] (input port clocked by clk)
Endpoint: out[4] (output port clocked by clk)
Path Group: clk
Path Type: max

  Delay    Time   Description
---------------------------------------------------------
   0.00    0.00   clock clk (rise edge)
   0.00    0.00   clock network delay (ideal)
   2.00    2.00 v input external delay
   0.00    2.00 v b[1] (in)
   0.25    2.25 ^ _064_/Y (sky130_fd_sc_hd__xnor2_1)
   0.14    2.39 v _068_/Y (sky130_fd_sc_hd__a21oi_1)
   0.39    2.78 v _070_/X (sky130_fd_sc_hd__maj3_1)
   0.19    2.97 ^ _101_/Y (sky130_fd_sc_hd__o21ai_0)
   0.08    3.06 v _102_/X (sky130_fd_sc_hd__xor2_1)
   0.10    3.16 ^ _103_/Y (sky130_fd_sc_hd__nor2_1)
   3.68    6.84 ^ _115_/X (sky130_fd_sc_hd__o41a_1)
   0.00    6.84 ^ out[4] (out)
           6.84   data arrival time

   9.00    9.00   clock clk (rise edge)
   0.00    9.00   clock network delay (ideal)
   0.00    9.00   clock reconvergence pessimism
  -2.00    7.00   output external delay
           7.00   data required time
---------------------------------------------------------
           7.00   data required time
          -6.84   data arrival time
---------------------------------------------------------
           0.16   slack (MET)


