Startpoint: reset (input port clocked by clk)
Endpoint: _120_ (recovery check against rising-edge clock clk)
Path Group: asynchronous
Path Type: max

  Delay    Time   Description
---------------------------------------------------------
   0.00    0.00   clock clk (rise edge)
   0.00    0.00   clock network delay (propagated)
   2.00    2.00 v input external delay
   0.02    2.02 v reset (in)
   0.04    2.06 ^ _118_/Y (sky130_fd_sc_hd__clkinv_1)
   0.00    2.06 ^ _120_/RESET_B (sky130_fd_sc_hd__dfrtp_1)
           2.06   data arrival time

   9.00    9.00   clock clk (rise edge)
   0.26    9.26   clock network delay (propagated)
   0.00    9.26   clock reconvergence pessimism
           9.26 ^ _120_/CLK (sky130_fd_sc_hd__dfrtp_1)
   0.23    9.49   library recovery time
           9.49   data required time
---------------------------------------------------------
           9.49   data required time
          -2.06   data arrival time
---------------------------------------------------------
           7.42   slack (MET)


Startpoint: b[1] (input port clocked by clk)
Endpoint: out[4] (output port clocked by clk)
Path Group: clk
Path Type: max

  Delay    Time   Description
---------------------------------------------------------
   0.00    0.00   clock clk (rise edge)
   0.00    0.00   clock network delay (propagated)
   2.00    2.00 v input external delay
   0.02    2.02 v b[1] (in)
   0.27    2.29 ^ _064_/Y (sky130_fd_sc_hd__xnor2_1)
   0.14    2.43 v _068_/Y (sky130_fd_sc_hd__a21oi_1)
   0.39    2.82 v _070_/X (sky130_fd_sc_hd__maj3_1)
   0.19    3.01 ^ _101_/Y (sky130_fd_sc_hd__o21ai_0)
   0.08    3.09 v _102_/X (sky130_fd_sc_hd__xor2_1)
   0.13    3.23 ^ _103_/Y (sky130_fd_sc_hd__nor2_1)
   1.12    4.35 ^ _115_/X (sky130_fd_sc_hd__o41a_4)
   0.00    4.35 ^ out[4] (out)
           4.35   data arrival time

   9.00    9.00   clock clk (rise edge)
   0.00    9.00   clock network delay (propagated)
   0.00    9.00   clock reconvergence pessimism
  -2.00    7.00   output external delay
           7.00   data required time
---------------------------------------------------------
           7.00   data required time
          -4.35   data arrival time
---------------------------------------------------------
           2.65   slack (MET)


