Startpoint: reset (input port clocked by clk)
Endpoint: _122_ (removal check against rising-edge clock clk)
Path Group: asynchronous
Path Type: min

  Delay    Time   Description
---------------------------------------------------------
   0.00    0.00   clock clk (rise edge)
   0.00    0.00   clock network delay (propagated)
   2.00    2.00 v input external delay
   0.02    2.02 v reset (in)
   0.04    2.06 ^ _116_/Y (sky130_fd_sc_hd__clkinv_1)
   0.00    2.06 ^ _122_/RESET_B (sky130_fd_sc_hd__dfrtp_1)
           2.06   data arrival time

   0.00    0.00   clock clk (rise edge)
   0.26    0.26   clock network delay (propagated)
   0.00    0.26   clock reconvergence pessimism
           0.26 ^ _122_/CLK (sky130_fd_sc_hd__dfrtp_1)
   0.31    0.57   library removal time
           0.57   data required time
---------------------------------------------------------
           0.57   data required time
          -2.06   data arrival time
---------------------------------------------------------
           1.49   slack (MET)


Startpoint: s[1] (input port clocked by clk)
Endpoint: _120_ (rising edge-triggered flip-flop clocked by clk)
Path Group: clk
Path Type: min

  Delay    Time   Description
---------------------------------------------------------
   0.00    0.00   clock clk (rise edge)
   0.00    0.00   clock network delay (propagated)
   2.00    2.00 ^ input external delay
   0.06    2.06 ^ s[1] (in)
   0.11    2.18 v _097_/Y (sky130_fd_sc_hd__o22ai_1)
   0.00    2.18 v _120_/D (sky130_fd_sc_hd__dfrtp_1)
           2.18   data arrival time

   0.00    0.00   clock clk (rise edge)
   0.26    0.26   clock network delay (propagated)
   0.00    0.26   clock reconvergence pessimism
           0.26 ^ _120_/CLK (sky130_fd_sc_hd__dfrtp_1)
  -0.06    0.20   library hold time
           0.20   data required time
---------------------------------------------------------
           0.20   data required time
          -2.18   data arrival time
---------------------------------------------------------
           1.98   slack (MET)


