Startpoint: reset (input port clocked by clk)
Endpoint: _120_ (recovery check against rising-edge clock clk)
Path Group: asynchronous
Path Type: max

  Delay    Time   Description
---------------------------------------------------------
   0.00    0.00   clock clk (rise edge)
   0.00    0.00   clock network delay (propagated)
   2.00    2.00 v input external delay
   0.04    2.04 v reset (in)
   0.05    2.09 ^ _118_/Y (sky130_fd_sc_hd__clkinv_1)
   0.00    2.09 ^ _120_/RESET_B (sky130_fd_sc_hd__dfrtp_1)
           2.09   data arrival time

   9.00    9.00   clock clk (rise edge)
   0.29    9.29   clock network delay (propagated)
   0.00    9.29   clock reconvergence pessimism
           9.29 ^ _120_/CLK (sky130_fd_sc_hd__dfrtp_1)
   0.23    9.52   library recovery time
           9.52   data required time
---------------------------------------------------------
           9.52   data required time
          -2.09   data arrival time
---------------------------------------------------------
           7.43   slack (MET)


Startpoint: b[1] (input port clocked by clk)
Endpoint: out[4] (output port clocked by clk)
Path Group: clk
Path Type: max

  Delay    Time   Description
---------------------------------------------------------
   0.00    0.00   clock clk (rise edge)
   0.00    0.00   clock network delay (propagated)
   2.00    2.00 v input external delay
   0.03    2.03 v b[1] (in)
   0.31    2.34 ^ _064_/Y (sky130_fd_sc_hd__xnor2_1)
   0.17    2.52 v _068_/Y (sky130_fd_sc_hd__a21oi_1)
   0.42    2.93 v _070_/X (sky130_fd_sc_hd__maj3_1)
   0.21    3.15 ^ _101_/Y (sky130_fd_sc_hd__o21ai_0)
   0.09    3.24 v _102_/X (sky130_fd_sc_hd__xor2_1)
   0.16    3.40 ^ _103_/Y (sky130_fd_sc_hd__nor2_1)
   1.12    4.52 ^ _115_/X (sky130_fd_sc_hd__o41a_4)
   0.03    4.55 ^ out[4] (out)
           4.55   data arrival time

   9.00    9.00   clock clk (rise edge)
   0.00    9.00   clock network delay (propagated)
   0.00    9.00   clock reconvergence pessimism
  -2.00    7.00   output external delay
           7.00   data required time
---------------------------------------------------------
           7.00   data required time
          -4.55   data arrival time
---------------------------------------------------------
           2.45   slack (MET)


